1. Best FM vs best baseline (48 task-leads); Holm-adjusted DM across the family
                     track               var  lead   best_fm best_baseline  mean_sCRPS_diff  DM_stat  DM_p_holm  wilcoxon_p  fm_better  significant_05
                       bmd          Humidity     1 timesfm25     AutoARIMA          -0.0033  -1.9458     0.9423      0.0008       True           False
                       bmd          Humidity     7  chronos2      PatchTST          -0.0045  -1.0501     1.0000      0.0025       True           False
                       bmd          Humidity    30  chronos2      PatchTST          -0.0033  -0.6305     1.0000      0.0902       True           False
                       bmd          Rainfall     1     tirex         NHITS          -0.0051  -2.0904     0.7438      0.0004       True           False
                       bmd          Rainfall     7     tirex   climatology           0.0077   3.2471     0.0391      0.0000      False            True
                       bmd          Rainfall    30     tirex   climatology           0.0022   1.0999     1.0000      0.0144      False           False
                       bmd          Sunshine     1  chronos2         NHITS          -0.0105  -2.6423     0.2111      0.0000       True           False
                       bmd          Sunshine     7  chronos2      PatchTST          -0.0028  -0.5143     1.0000      0.1954       True           False
                       bmd          Sunshine    30  chronos2      lightgbm          -0.0084  -1.6137     1.0000      0.0200       True           False
                       bmd       Temperature     1     tirex     AutoARIMA          -0.0086  -3.4911     0.0176      0.0000       True            True
                       bmd       Temperature     7 timesfm25      PatchTST           0.0050   1.0440     1.0000      0.0002      False           False
                       bmd       Temperature    30  chronos2     AutoARIMA          -0.0065  -0.6357     1.0000      0.0753       True           False
           ghcn_bangladesh          Rainfall     1     toto2         NHITS          -0.0526  -2.0072     0.8777      0.0137       True           False
           ghcn_bangladesh          Rainfall     7  chronos2         NHITS          -0.0014  -0.0814     1.0000      0.2324       True           False
           ghcn_bangladesh          Rainfall    30  chronos2   climatology          -0.0310  -1.4307     1.0000      0.1309       True           False
           ghcn_bangladesh              Tavg     1     tirex     AutoARIMA          -0.0056  -1.4074     1.0000      0.0645       True           False
           ghcn_bangladesh              Tavg     7  chronos2      PatchTST          -0.0008  -0.0960     1.0000      0.1602       True           False
           ghcn_bangladesh              Tavg    30  chronos2     AutoARIMA           0.0151   1.5198     1.0000      0.3750      False           False
            ghcn_temperate          Rainfall     1     tirex         NHITS          -0.0076  -4.3134     0.0008      0.0004       True            True
            ghcn_temperate          Rainfall     7     tirex   climatology           0.0053   3.6657     0.0095      0.0000      False            True
            ghcn_temperate          Rainfall    30     tirex   climatology           0.0045   3.7839     0.0064      0.0000      False            True
            ghcn_temperate              Tavg     1     tirex     AutoARIMA          -0.0039  -4.7730     0.0001      0.0001       True            True
            ghcn_temperate              Tavg     7  chronos2      PatchTST          -0.0080  -2.7537     0.1662      0.0000       True           False
            ghcn_temperate              Tavg    30  chronos2      PatchTST          -0.0053  -1.5997     1.0000      0.0984       True           False
            nasa_power_bmd ALLSKY_SFC_SW_DWN     1     toto2     AutoARIMA          -0.0339  -7.4414     0.0000      0.0000       True            True
            nasa_power_bmd ALLSKY_SFC_SW_DWN     7   moirai2      PatchTST          -0.0045  -0.8592     1.0000      0.0000       True           False
            nasa_power_bmd ALLSKY_SFC_SW_DWN    30   moirai2      PatchTST          -0.0128  -2.1109     0.7431      0.0000       True           False
            nasa_power_bmd       PRECTOTCORR     1     toto2         NHITS          -0.0789  -4.0714     0.0022      0.0000       True            True
            nasa_power_bmd       PRECTOTCORR     7     tirex         NHITS          -0.0583  -2.6059     0.2184      0.0000       True           False
            nasa_power_bmd       PRECTOTCORR    30     tirex         NHITS          -0.0983  -3.9195     0.0038      0.0000       True            True
            nasa_power_bmd              RH2M     1     toto2      PatchTST          -0.0099  -4.8946     0.0001      0.0000       True            True
            nasa_power_bmd              RH2M     7     toto2      PatchTST          -0.0234  -3.0342     0.0744      0.0000       True           False
            nasa_power_bmd              RH2M    30   moirai2      PatchTST          -0.0446  -2.7952     0.1520      0.0000       True           False
            nasa_power_bmd               T2M     1     toto2     AutoARIMA          -0.0072  -3.4632     0.0189      0.0000       True            True
            nasa_power_bmd               T2M     7  chronos2      PatchTST          -0.0306  -3.1655     0.0499      0.0000       True            True
            nasa_power_bmd               T2M    30  chronos2      lightgbm          -0.0270  -1.1472     1.0000      0.0000       True           False
nasa_power_ghcn_bangladesh       PRECTOTCORR     1     toto2      PatchTST          -0.0353  -4.8805     0.0001      0.0020       True            True
nasa_power_ghcn_bangladesh       PRECTOTCORR     7     tirex         NHITS          -0.0910  -3.7553     0.0069      0.0020       True            True
nasa_power_ghcn_bangladesh       PRECTOTCORR    30     tirex         NHITS          -0.0880  -4.0071     0.0028      0.0020       True            True
nasa_power_ghcn_bangladesh               T2M     1     toto2     AutoARIMA          -0.0057  -2.6465     0.2111      0.0098       True           False
nasa_power_ghcn_bangladesh               T2M     7  chronos2      PatchTST          -0.0185  -2.3217     0.4562      0.0020       True           False
nasa_power_ghcn_bangladesh               T2M    30  chronos2      lightgbm          -0.0244  -1.0655     1.0000      0.0020       True           False
 nasa_power_ghcn_temperate       PRECTOTCORR     1     tirex         NHITS          -0.0070  -5.2521     0.0000      0.0000       True            True
 nasa_power_ghcn_temperate       PRECTOTCORR     7     tirex   climatology           0.0055   3.9442     0.0036      0.0000      False            True
 nasa_power_ghcn_temperate       PRECTOTCORR    30     tirex   climatology           0.0076   6.0821     0.0000      0.0000      False            True
 nasa_power_ghcn_temperate               T2M     1     tirex     AutoARIMA          -0.0038  -4.5603     0.0003      0.0016       True            True
 nasa_power_ghcn_temperate               T2M     7  chronos2     AutoARIMA          -0.0090  -2.6714     0.2042      0.0002       True           False
 nasa_power_ghcn_temperate               T2M    30  chronos2     AutoARIMA          -0.0093  -1.6342     1.0000      0.0589       True           False
   FM significantly better: 14 | baseline significantly better: 5 | not distinguishable: 29

2. CRPSS with 95% moving-block bootstrap CIs (observation tracks, lead 30)
model                        AutoARIMA  NHITS  PatchTST  chronos2  chronos_bolt  moirai2  timesfm25  tirex  toto2
track           var                                                                                              
bmd             Humidity         0.026  0.027     0.049     0.054         0.033    0.015      0.049  0.040 -0.060
                Rainfall        -0.302 -0.030    -0.070    -0.012        -0.010   -0.007     -0.013 -0.004 -0.011
                Sunshine         0.008  0.019     0.019     0.040        -0.006   -0.070      0.026  0.033  0.034
                Temperature      0.023 -0.038     0.018     0.034        -0.060   -0.013      0.030  0.006 -0.067
ghcn_bangladesh Rainfall        -0.238 -0.018    -0.065     0.028         0.019   -0.008     -0.002 -0.003  0.010
                Tavg             0.111 -0.017     0.088     0.089        -0.005   -0.027      0.048  0.054 -0.040
ghcn_temperate  Rainfall        -0.261 -0.036    -0.065    -0.013        -0.016   -0.018     -0.011 -0.009 -0.014
                Tavg             0.036 -0.002     0.056     0.066         0.059    0.045      0.057  0.058  0.025
   beats climatology at 95% (all tracks/leads): 272 of 432 model-task-leads

3. Equity DiD with 95% CIs (positive = model loses more skill in the tropics than the control does)
     var  lead        model   control    DiD  ci_lo  ci_hi  significant_05  DiD_gapmatched  gm_ci_lo  gm_ci_hi  gm_significant_05  control_gapmatched  DiD_gm_control  gmc_ci_lo  gmc_ci_hi  gmc_significant_05
Rainfall     1     chronos2     NHITS -0.029 -0.051 -0.008            True          -0.033    -0.055    -0.013               True                True          -0.028     -0.049     -0.006                True
Rainfall     1 chronos_bolt     NHITS  0.004 -0.024  0.026           False           0.002    -0.027     0.024              False                True           0.007     -0.020      0.031               False
Rainfall     1    timesfm25     NHITS -0.005 -0.035  0.031           False          -0.023    -0.057     0.015              False                True          -0.018     -0.048      0.022               False
Rainfall     1        toto2     NHITS -0.036 -0.078  0.000           False          -0.044    -0.088    -0.007               True                True          -0.038     -0.078     -0.001                True
Rainfall     1        tirex     NHITS -0.028 -0.069  0.015           False          -0.058    -0.099    -0.011               True                True          -0.052     -0.092     -0.004                True
Rainfall     1      moirai2     NHITS -0.002 -0.033  0.038           False          -0.011    -0.043     0.032              False                True          -0.006     -0.037      0.038               False
Rainfall     1       ttm_r2     NHITS -0.126 -0.265  0.069           False          -0.091    -0.233     0.121              False                True          -0.086     -0.220      0.115               False
Rainfall     1      sundial     NHITS -0.083 -0.141 -0.001            True          -0.092    -0.144    -0.005               True                True          -0.087     -0.140     -0.003                True
Rainfall     7     chronos2     NHITS  0.011 -0.015  0.040           False           0.007    -0.021     0.036              False                True           0.013     -0.013      0.043               False
Rainfall     7 chronos_bolt     NHITS  0.021 -0.010  0.057           False           0.015    -0.017     0.051              False                True           0.021     -0.011      0.058               False
Rainfall     7    timesfm25     NHITS  0.024 -0.009  0.068           False           0.016    -0.021     0.059              False                True           0.022     -0.013      0.065               False
Rainfall     7        toto2     NHITS  0.028  0.007  0.054            True           0.021    -0.002     0.047              False                True           0.028      0.005      0.053                True
Rainfall     7        tirex     NHITS  0.038  0.009  0.079            True           0.018    -0.011     0.061              False                True           0.024     -0.005      0.067               False
Rainfall     7      moirai2     NHITS  0.032 -0.003  0.074           False           0.022    -0.012     0.063              False                True           0.028     -0.005      0.071               False
Rainfall     7       ttm_r2     NHITS -0.078 -0.188  0.114           False          -0.032    -0.139     0.178              False                True          -0.025     -0.128      0.178               False
Rainfall     7      sundial     NHITS -0.022 -0.075  0.055           False          -0.028    -0.078     0.054              False                True          -0.022     -0.073      0.060               False
Rainfall    30     chronos2     NHITS -0.022 -0.050 -0.004            True          -0.024    -0.051    -0.005               True                True          -0.016     -0.044      0.001               False
Rainfall    30 chronos_bolt     NHITS -0.017 -0.040  0.001           False          -0.020    -0.044    -0.000               True                True          -0.012     -0.036      0.005               False
Rainfall    30    timesfm25     NHITS  0.009 -0.022  0.038           False           0.002    -0.033     0.032              False                True           0.010     -0.022      0.038               False
Rainfall    30        toto2     NHITS -0.006 -0.039  0.019           False          -0.015    -0.050     0.012              False                True          -0.007     -0.040      0.018               False
Rainfall    30        tirex     NHITS  0.013 -0.023  0.053           False          -0.010    -0.045     0.033              False                True          -0.002     -0.037      0.038               False
Rainfall    30      moirai2     NHITS  0.009 -0.021  0.041           False           0.000    -0.032     0.033              False                True           0.008     -0.023      0.038               False
Rainfall    30       ttm_r2     NHITS -0.112 -0.257  0.113           False          -0.050    -0.193     0.182              False                True          -0.042     -0.183      0.173               False
Rainfall    30      sundial     NHITS -0.039 -0.092  0.018           False          -0.047    -0.098     0.013              False                True          -0.039     -0.092      0.018               False
    Tavg     1     chronos2 AutoARIMA  0.000 -0.015  0.014           False          -0.008    -0.024     0.006              False                True           0.002     -0.013      0.016               False
    Tavg     1 chronos_bolt AutoARIMA  0.005 -0.009  0.016           False          -0.008    -0.022     0.004              False                True           0.003     -0.011      0.015               False
    Tavg     1    timesfm25 AutoARIMA -0.005 -0.017  0.007           False          -0.015    -0.028    -0.003               True                True          -0.005     -0.017      0.007               False
    Tavg     1        toto2 AutoARIMA  0.062  0.008  0.145            True           0.024    -0.030     0.108              False                True           0.035     -0.019      0.119               False
    Tavg     1        tirex AutoARIMA -0.001 -0.013  0.010           False          -0.014    -0.026    -0.002               True                True          -0.004     -0.015      0.008               False
    Tavg     1      moirai2 AutoARIMA  0.007 -0.006  0.019           False          -0.021    -0.035    -0.009               True                True          -0.010     -0.024      0.002               False
    Tavg     1       ttm_r2 AutoARIMA -0.017 -0.051  0.015           False          -0.015    -0.048     0.019              False                True          -0.004     -0.036      0.029               False
    Tavg     1      sundial AutoARIMA  0.000 -0.016  0.021           False          -0.009    -0.026     0.012              False                True           0.002     -0.016      0.022               False
    Tavg     7     chronos2  PatchTST  0.013 -0.015  0.038           False           0.007    -0.020     0.033              False                True           0.007     -0.020      0.032               False
    Tavg     7 chronos_bolt  PatchTST  0.052  0.019  0.084            True           0.038     0.007     0.070               True                True           0.038      0.006      0.070                True
    Tavg     7    timesfm25  PatchTST  0.019 -0.010  0.047           False          -0.012    -0.040     0.018              False                True          -0.012     -0.039      0.017               False
    Tavg     7        toto2  PatchTST  0.048  0.006  0.089            True          -0.010    -0.052     0.028              False                True          -0.010     -0.052      0.031               False
    Tavg     7        tirex  PatchTST  0.025 -0.004  0.052           False          -0.003    -0.031     0.025              False                True          -0.003     -0.031      0.027               False
    Tavg     7      moirai2  PatchTST  0.047  0.009  0.088            True          -0.023    -0.064     0.014              False                True          -0.023     -0.063      0.019               False
    Tavg     7       ttm_r2  PatchTST  0.057 -0.003  0.117           False           0.041    -0.019     0.097              False                True           0.041     -0.020      0.103               False
    Tavg     7      sundial  PatchTST -0.023 -0.069  0.018           False          -0.035    -0.077     0.005              False                True          -0.035     -0.078      0.004               False
    Tavg    30     chronos2 AutoARIMA  0.052  0.014  0.088            True           0.039     0.001     0.076               True                True           0.060      0.022      0.097                True
    Tavg    30 chronos_bolt AutoARIMA  0.139  0.089  0.191            True           0.116     0.065     0.172               True                True           0.138      0.089      0.189                True
    Tavg    30    timesfm25 AutoARIMA  0.084  0.026  0.150            True           0.013    -0.045     0.073              False                True           0.034     -0.022      0.103               False
    Tavg    30        toto2 AutoARIMA  0.140  0.053  0.231            True          -0.029    -0.122     0.060              False                True          -0.008     -0.101      0.088               False
    Tavg    30        tirex AutoARIMA  0.080  0.029  0.122            True           0.030    -0.017     0.074              False                True           0.052      0.005      0.097                True
    Tavg    30      moirai2 AutoARIMA  0.148  0.066  0.234            True          -0.027    -0.114     0.058              False                True          -0.005     -0.090      0.089               False
    Tavg    30       ttm_r2 AutoARIMA  0.197  0.100  0.313            True           0.166     0.060     0.275               True                True           0.187      0.089      0.300                True
    Tavg    30      sundial AutoARIMA  0.049 -0.006  0.100           False           0.013    -0.042     0.066              False                True           0.035     -0.022      0.089               False
   like-for-like (control also gap-matched): 48 of 48 rows; significant 10
                 DiD  DiD_gapmatched  DiD_gm_control
var      lead                                       
Rainfall 1    -0.028          -0.038          -0.033
         7     0.022           0.015           0.022
         30   -0.011          -0.017          -0.010
Tavg     1     0.000          -0.012          -0.001
         7     0.036          -0.007          -0.007
         30    0.112           0.022           0.043

4. Reanalysis minus observation skill, with CIs (positive = reanalysis looks more predictable)
                   mean  n_significant  n
var         lead                         
Humidity    1     0.338              9  9
            7     0.351              9  9
            30    0.287              9  9
Rainfall    1     0.307              9  9
            7     0.120              7  9
            30    0.118              9  9
Sunshine    1     0.046              5  9
            7     0.005              2  9
            30    0.006              2  9
Temperature 1     0.181              9  9
            7     0.070              6  9
            30   -0.018              2  9

5. Active vs break spells (BMD), CIs blocked by spell event
                               CRPSS         ci_hi         ci_lo       
spell                         active  break active  break active  break
var         lead model                                                 
Humidity    7    NHITS        -0.141  0.126 -0.035  0.209 -0.238  0.045
                 PatchTST     -0.061  0.175  0.032  0.251 -0.141  0.093
                 chronos2     -0.145  0.191 -0.040  0.252 -0.262  0.121
                 chronos_bolt -0.220  0.215 -0.110  0.280 -0.345  0.139
                 timesfm25    -0.161  0.235 -0.040  0.289 -0.291  0.171
                 tirex        -0.207  0.226 -0.093  0.293 -0.339  0.144
            30   NHITS        -0.116  0.098 -0.013  0.163 -0.244  0.037
                 PatchTST     -0.108  0.133 -0.012  0.206 -0.224  0.071
                 chronos2     -0.151  0.199 -0.053  0.244 -0.270  0.144
                 chronos_bolt -0.256  0.220 -0.150  0.271 -0.386  0.158
                 timesfm25    -0.187  0.215 -0.077  0.258 -0.318  0.168
                 tirex        -0.212  0.232 -0.099  0.279 -0.353  0.175
Rainfall    7    NHITS         0.028 -0.050  0.037 -0.020  0.020 -0.082
                 PatchTST     -0.032 -0.113 -0.022 -0.045 -0.044 -0.199
                 chronos2      0.002 -0.047  0.034  0.016 -0.030 -0.124
                 chronos_bolt -0.065  0.123 -0.049  0.182 -0.086  0.063
                 timesfm25    -0.073  0.124 -0.052  0.181 -0.098  0.066
                 tirex        -0.030  0.025  0.004  0.088 -0.063 -0.045
            30   NHITS         0.003 -0.008  0.011  0.008 -0.006 -0.024
                 PatchTST     -0.007 -0.058  0.008 -0.020 -0.025 -0.095
                 chronos2      0.009 -0.019  0.033  0.027 -0.018 -0.067
                 chronos_bolt -0.058  0.114 -0.038  0.156 -0.086  0.073
                 timesfm25    -0.054  0.134 -0.026  0.176 -0.089  0.095
                 tirex        -0.018  0.060  0.007  0.100 -0.050  0.018
Temperature 7    NHITS        -0.207  0.215 -0.036  0.314 -0.380  0.128
                 PatchTST     -0.198  0.291 -0.035  0.347 -0.374  0.243
                 chronos2     -0.372  0.366 -0.136  0.432 -0.573  0.306
                 chronos_bolt -0.641  0.436 -0.340  0.510 -0.965  0.366
                 timesfm25    -0.433  0.401 -0.218  0.462 -0.632  0.344
                 tirex        -0.423  0.380 -0.177  0.442 -0.701  0.323
            30   NHITS        -0.576  0.219 -0.400  0.303 -0.794  0.130
                 PatchTST     -0.191  0.112 -0.040  0.189 -0.354  0.031
                 chronos2     -0.512  0.379 -0.342  0.426 -0.705  0.319
                 chronos_bolt -0.989  0.440 -0.732  0.518 -1.300  0.334
                 timesfm25    -0.593  0.385 -0.430  0.439 -0.784  0.312
                 tirex        -0.439  0.342 -0.299  0.399 -0.609  0.266

6. Friedman across 16 tasks x 18 models at lead 1: chi2=220.1 p=2.55e-37 | Nemenyi CD=6.58
   average ranks: tirex 1.62, toto2 3.75, chronos2 4.19, timesfm25 4.38, moirai2 4.69, chronos_bolt 5.81, AutoARIMA 7.62, PatchTST 7.75, NHITS 8.12, sundial 11.06, AutoETS 11.62, naive 12.38, lightgbm 12.88, AutoTheta 12.94, DLinear 13.25, climatology 14.62, ttm_r2 16.38, seasonal_naive 17.94

6. Friedman across 16 tasks x 18 models at lead 7: chi2=215.5 p=2.10e-36 | Nemenyi CD=6.58
   average ranks: chronos2 2.12, tirex 3.44, timesfm25 4.44, chronos_bolt 5.75, toto2 5.81, moirai2 6.31, PatchTST 6.31, climatology 8.50, lightgbm 8.62, AutoARIMA 8.62, NHITS 8.94, sundial 10.69, DLinear 12.00, AutoETS 14.44, AutoTheta 15.25, ttm_r2 15.94, naive 16.69, seasonal_naive 17.12

6. Friedman across 16 tasks x 18 models at lead 30: chi2=209.8 p=2.98e-35 | Nemenyi CD=6.58
   average ranks: chronos2 2.00, tirex 3.62, timesfm25 3.75, toto2 6.56, chronos_bolt 6.62, PatchTST 6.81, moirai2 7.06, climatology 7.25, lightgbm 8.25, AutoARIMA 8.88, NHITS 8.88, sundial 10.31, DLinear 11.50, seasonal_naive 15.25, ttm_r2 15.25, AutoTheta 15.81, AutoETS 15.81, naive 17.38
