1. Compute cost on a Kaggle Tesla T4 (main daily run; memory and parameters from the profile pass)
       model  params_M  peak_vram_MiB  batch_size  context  daily_minutes_170k_windows  windows_per_second
    chronos2     119.5         1344.9         256     1024                        20.3               140.0
chronos_bolt     205.3         2182.1         256     1024                        14.5               196.6
   timesfm25     231.3         4180.6         256     1024                        37.4                76.1
       toto2     312.7         1959.6         256     1024                        22.5               126.5
       tirex      35.3          567.8         256     1024                        19.9               142.7
     moirai2      11.4          368.8         256     1024                         4.2               679.0
      ttm_r2       0.8           34.4         256      512                         0.6              4915.6
     sundial     128.3         2801.6         256     1024                       130.3                21.8

window-count mismatches vs main leaderboard: 0

2a. Mean CRPSS over the 16 daily tasks by context length (1,024 = main run)
lead                   1      7      30
base_model context                     
chronos2   96       0.267 -0.063 -0.451
           336      0.284  0.018 -0.114
           512      0.292  0.059  0.011
           1024     0.296  0.081  0.063
           2048     0.298  0.091  0.072
           4096     0.298  0.092  0.073
timesfm25  96       0.251 -0.071 -0.495
           336      0.274  0.018 -0.111
           512      0.283  0.048 -0.021
           1024     0.290  0.073  0.048
           2048     0.292  0.083  0.066
tirex      96       0.275 -0.061 -0.429
           336      0.292  0.014 -0.132
           512      0.299  0.047 -0.029
           1024     0.304  0.073  0.045
           2048     0.306  0.083  0.058

2b. By track group and rain / non-rain (observation tracks vs reanalysis tracks)
group              observations                                    reanalysis                                   
kind                   non-rain                 rain                 non-rain                 rain              
lead                         1      7      30     1      7      30         1      7      30     1      7      30
base_model context                                                                                              
chronos2   96             0.281 -0.115 -0.551  0.014 -0.062 -0.090      0.445 -0.045 -0.797  0.196 -0.008 -0.069
           336            0.298 -0.028 -0.194  0.028 -0.032 -0.032      0.464  0.083 -0.173  0.217  0.038  0.033
           512            0.308  0.025 -0.029  0.038 -0.015 -0.012      0.471  0.140  0.038  0.220  0.055  0.058
           1024           0.313  0.059  0.046  0.044 -0.005 -0.002      0.472  0.166  0.114  0.224  0.063  0.068
           2048           0.315  0.072  0.063  0.046  0.002  0.002      0.474  0.177  0.126  0.228  0.069  0.066
           4096           0.315  0.073  0.065  0.044  0.003  0.003      0.475  0.178  0.127  0.228  0.069  0.067
timesfm25  96             0.272 -0.131 -0.634 -0.016 -0.071 -0.116      0.439 -0.052 -0.836  0.167 -0.000 -0.073
           336            0.300 -0.013 -0.134  0.007 -0.037 -0.036      0.459  0.075 -0.203  0.191  0.032  0.009
           512            0.310  0.025 -0.041  0.014 -0.026 -0.026      0.471  0.127 -0.017  0.195  0.030  0.012
           1024           0.316  0.048  0.018  0.017 -0.015 -0.012      0.477  0.162  0.107  0.208  0.053  0.059
           2048           0.318  0.063  0.052  0.021 -0.006 -0.001      0.479  0.170  0.121  0.210  0.060  0.063
tirex      96             0.293 -0.113 -0.552  0.010 -0.073 -0.103      0.459 -0.030 -0.710  0.206 -0.013 -0.078
           336            0.306 -0.026 -0.189  0.036 -0.032 -0.038      0.470  0.068 -0.230  0.229  0.037  0.033
           512            0.314  0.011 -0.074  0.043 -0.020 -0.024      0.477  0.119 -0.035  0.234  0.052  0.052
           1024           0.319  0.047  0.019  0.049 -0.012 -0.012      0.481  0.154  0.091  0.238  0.066  0.071
           2048           0.322  0.059  0.040  0.054 -0.005 -0.003      0.482  0.165  0.106  0.239  0.073  0.068

2c. Best context per model x task x lead (count of tasks)
context          512   1024  2048  4096
base_model lead                        
chronos2   1        2     1     5     8
           7        0     0     5    11
           30       0     2     4    10
timesfm25  1        0     1    15     0
           7        0     0    16     0
           30       0     0    16     0
tirex      1        0     0    16     0
           7        0     0    16     0
           30       0     2    14     0

2d. Tropical-vs-temperate gap (GHCN tracks) by context length
var                Rainfall                 Tavg              
lead                     1      7      30     1      7      30
base_model context                                            
chronos2   96        -0.070 -0.009  0.024  0.114  0.004  0.051
           336       -0.056 -0.014 -0.015  0.135  0.130  0.408
           512       -0.056 -0.022 -0.023  0.120  0.074  0.199
           1024      -0.062 -0.031 -0.032  0.115  0.010  0.029
           2048      -0.060 -0.036 -0.035  0.119 -0.005  0.008
           4096      -0.057 -0.037 -0.036  0.123 -0.002  0.010
timesfm25  96        -0.031  0.014  0.116  0.118  0.037  0.118
           336       -0.032  0.003  0.014  0.118  0.092  0.355
           512       -0.040 -0.008  0.015  0.112  0.053  0.239
           1024      -0.044 -0.019 -0.001  0.108  0.045  0.130
           2048      -0.051 -0.029 -0.023  0.105  0.001 -0.004
tirex      96        -0.057  0.025  0.072  0.108  0.047  0.146
           336       -0.049  0.011  0.038  0.120  0.118  0.422
           512       -0.053  0.005  0.023  0.115  0.080  0.246
           1024      -0.059 -0.000  0.014  0.113  0.046  0.104
           2048      -0.062 -0.004 -0.001  0.112  0.030  0.060

3a. CHIRPS dekadal, headline context (144 dekads) and baselines: CRPSS vs climatology / 80% coverage
lead                1      2      3      6  cov80_mean  MASE_l1
model                                                          
climatology     0.000  0.000  0.000  0.000       0.758    0.704
chronos2       -0.063 -0.083 -0.080 -0.086       0.717    0.746
toto2          -0.086 -0.115 -0.114 -0.113       0.793    0.759
timesfm25      -0.162 -0.150 -0.137 -0.135       0.771    0.781
tirex          -0.169 -0.219 -0.257 -0.323       0.794    0.814
moirai2        -0.196 -0.290 -0.347 -0.504       0.814    0.832
chronos_bolt   -0.260 -0.397 -0.518 -0.864       0.757    0.872
sundial        -0.288 -0.364 -0.438 -0.655       0.396    0.826
naive          -0.478 -0.635 -0.763 -1.158       0.819    0.949
seasonal_naive -0.514 -0.511 -0.511 -0.509       0.807    0.980
ttm_r2         -0.682 -0.868 -1.002 -1.529       0.000    0.921

3b. CHIRPS dekadal context sensitivity: CRPSS vs climatology by context (dekads)
lead                      1      2      3      6
base_model   context                            
chronos2     36.0    -0.266 -0.420 -0.563 -0.999
             72.0    -0.228 -0.325 -0.366 -0.489
             144.0   -0.063 -0.083 -0.080 -0.086
             1024.0  -0.001 -0.008 -0.009 -0.011
chronos_bolt 36.0    -0.281 -0.444 -0.594 -1.027
             72.0    -0.345 -0.559 -0.790 -1.510
             144.0   -0.260 -0.397 -0.518 -0.864
             1024.0  -0.105 -0.134 -0.141 -0.215
moirai2      36.0    -0.331 -0.488 -0.645 -1.041
             72.0    -0.324 -0.510 -0.700 -1.112
             144.0   -0.196 -0.290 -0.347 -0.504
             1024.0  -0.073 -0.094 -0.086 -0.084
sundial      36.0    -0.399 -0.573 -0.726 -1.130
             72.0    -0.367 -0.555 -0.755 -1.256
             144.0   -0.288 -0.364 -0.438 -0.655
             1024.0  -0.159 -0.168 -0.151 -0.147
timesfm25    36.0    -0.263 -0.401 -0.528 -0.973
             72.0    -0.273 -0.430 -0.573 -0.984
             144.0   -0.162 -0.150 -0.137 -0.135
             1024.0  -0.062 -0.058 -0.058 -0.055
tirex        36.0    -0.244 -0.363 -0.489 -0.868
             72.0    -0.273 -0.427 -0.591 -1.070
             144.0   -0.169 -0.219 -0.257 -0.323
             1024.0  -0.030 -0.044 -0.039 -0.044
toto2        36.0    -0.253 -0.387 -0.496 -0.815
             72.0    -0.176 -0.222 -0.257 -0.345
             144.0   -0.086 -0.115 -0.114 -0.113
             1024.0  -0.004 -0.013 -0.017 -0.015
ttm_r2       36.0    -0.565 -0.699 -0.813 -1.448
             72.0    -0.673 -0.844 -0.972 -1.645
             144.0   -0.682 -0.868 -1.002 -1.529
             1024.0  -0.846 -1.057 -1.156 -1.455
